// Jest Snapshot v1, https://goo.gl/fbAQLP

exports[`FormattedCurrency FormattedCurrency component matches snapshot 1`] = `
<DocumentFragment>
  US$20.00
</DocumentFragment>
`;
