// Jest Snapshot v1, https://goo.gl/fbAQLP

exports[`Checked component matches snapshot 1`] = `
<DocumentFragment>
  <div />
</DocumentFragment>
`;
