// Jest Snapshot v1, https://goo.gl/fbAQLP

exports[`Checked component matches snapshot 1`] = `
<DocumentFragment>
  <svg
    class="Icon"
    fill="currentColor"
    height="2rem"
    stroke="currentColor"
    stroke-width="0"
    viewBox="0 0 24 24"
    width="2rem"
    xmlns="http://www.w3.org/2000/svg"
  >
    <path
      d="M0 0h24v24H0z"
      fill="none"
    />
    <path
      d="M20 4H4c-1.1 0-2 .9-2 2v12c0 1.1.9 2 2 2h16c1.1 0 2-.9 2-2V6c0-1.1-.9-2-2-2zM4 6h2v12H4V6zm16 12h-2V6h2v12z"
    />
  </svg>
</DocumentFragment>
`;
